190715334612
4551 4965
4551 4965
4551 4965
4551 4965
4551 4965
4551 4965
4551 4965
4551 4965
4551 4965
4551 4965
4551 4965
4551 4965
4551 4965
4551 4965
4551 4965
4551 4965
4551 4965
4551 4965
4551 4965
4551 4965
4551 4965
4551 4965
4551 4965
4551 4965
4551 4965
4551 4965
4551 4965
4551 4965
4551 4965
4551 4965
4551 4965
4551 4965
4551 4965
4551 4965
4551 4965
4551 4965
4551 4965
4551 4965
4551 4965
4551 4965
4551 4965
4551 4965
4551 4965
4551 4965
4551 4965
4551 4965
4551 4965
4551 4965
4551 4965
4551 4965
4551 4965
4551 4965
4551 4965
4551 4965
4551 4965
4551 4965
4551 4965
4551 4965
4551 4965
4551 4965
4551 4965
4551 4965
4551 4965
4551 4965
4551 4965
4551 4965
4551 4965
4551 4965
4551 4965
4551 4965
4551 4965
4551 4965
4551 4965
4551 4965
4551 4965
4551 4965
4551 4965
4551 4965
4551 4965
4551 4965
4551 4965
4551 4965
4551 4965
4551 4965
4551 4965
4551 4965
4551 4965
4551 4965
4551 4965
4551 4965
4551 4965
4551 4965
4551 4965
4551 4965
4551 4965
4551 4965
4551 4965
4551 4965
4551 4965
4551 4965
