153831146147
5520 5603
5520 5603
5520 5603
5520 5603
5520 5603
5520 5603
5520 5603
5520 5603
5520 5603
5520 5603
5520 5603
5520 5603
5520 5603
5520 5603
5520 5603
5520 5603
5520 5603
5520 5603
5520 5603
5520 5603
5520 5603
5520 5603
5520 5603
5520 5603
5520 5603
5520 5603
5520 5603
5520 5603
5520 5603
5520 5603
5520 5603
5520 5603
5520 5603
5520 5603
5520 5603
5520 5603
5520 5603
5520 5603
5520 5603
5520 5603
5520 5603
5520 5603
5520 5603
5520 5603
5520 5603
5520 5603
5520 5603
5520 5603
5520 5603
5520 5603
5520 5603
5520 5603
5520 5603
5520 5603
5520 5603
5520 5603
5520 5603
5520 5603
5520 5603
5520 5603
5520 5603
5520 5603
5520 5603
5520 5603
5520 5603
5520 5603
5520 5603
5520 5603
5520 5603
5520 5603
5520 5603
5520 5603
5520 5603
5520 5603
5520 5603
5520 5603
5520 5603
5520 5603
5520 5603
5520 5603
