196528328972
3779 4108
3779 4108
3779 4108
3779 4108
3779 4108
3779 4108
3779 4108
3779 4108
3779 4108
3779 4108
3779 4108
3779 4108
3779 4108
3779 4108
3779 4108
3779 4108
3779 4108
3779 4108
3779 4108
3779 4108
3779 4108
3779 4108
3779 4108
3779 4108
3779 4108
3779 4108
3779 4108
3779 4108
3779 4108
3779 4108
3779 4108
3779 4108
3779 4108
3779 4108
3779 4108
3779 4108
3779 4108
3779 4108
3779 4108
3779 4108
3779 4108
3779 4108
3779 4108
3779 4108
3779 4108
3779 4108
3779 4108
3779 4108
3779 4108
3779 4108
3779 4108
3779 4108
3779 4108
3779 4108
3779 4108
3779 4108
3779 4108
3779 4108
3779 4108
3779 4108
3779 4108
3779 4108
3779 4108
3779 4108
3779 4108
3779 4108
3779 4108
3779 4108
3779 4108
3779 4108
3779 4108
3779 4108
3779 4108
3779 4108
3779 4108
3779 4108
3779 4108
3779 4108
3779 4108
3779 4108
3779 4108
3779 4108
3779 4108
3779 4108
3779 4108
3779 4108
3779 4108
3779 4108
3779 4108
3779 4108
3779 4108
3779 4108
3779 4108
3779 4108
3779 4108
3779 4108
3779 4108
3779 4108
3779 4108
3779 4108
