196479604644
5559 5569
5559 5569
5559 5569
5559 5569
5559 5569
5559 5569
5559 5569
5559 5569
5559 5569
5559 5569
5559 5569
5559 5569
5559 5569
5559 5569
5559 5569
5559 5569
5559 5569
5559 5569
5559 5569
5559 5569
5559 5569
5559 5569
5559 5569
5559 5569
5559 5569
5559 5569
5559 5569
5559 5569
5559 5569
5559 5569
5559 5569
5559 5569
5559 5569
5559 5569
5559 5569
5559 5569
5559 5569
5559 5569
5559 5569
5559 5569
5559 5569
5559 5569
5559 5569
5559 5569
5559 5569
5559 5569
5559 5569
5559 5569
5559 5569
5559 5569
5559 5569
5559 5569
5559 5569
5559 5569
5559 5569
5559 5569
5559 5569
5559 5569
5559 5569
5559 5569
5559 5569
5559 5569
5559 5569
5559 5569
5559 5569
5559 5569
5559 5569
5559 5569
5559 5569
5559 5569
5559 5569
5559 5569
5559 5569
5559 5569
5559 5569
5559 5569
5559 5569
5559 5569
5559 5569
5559 5569
5559 5569
5559 5569
5559 5569
5559 5569
5559 5569
5559 5569
5559 5569
5559 5569
5559 5569
5559 5569
5559 5569
5559 5569
5559 5569
5559 5569
5559 5569
5559 5569
5559 5569
5559 5569
5559 5569
5559 5569
