1369629457881
1133 3423
7502 4587
1114 5332
6872 3687
6337 3852
5185 4157
5185 3153
6603 3624
8032 2486
7043 4022
6337 1816
7043 4022
5265 4157
7346 3852
6443 3624
1133 3423
6337 3852
6337 3852
6721 2879
7809 4144
5600 7502
2494 2350
9245 4144
7043 4022
3754 4704
7043 4022
7527 3852
7043 4144
2357 3852
7043 4553
6721 5081
4586 2350
6443 3735
4586 5559
7502 5276
4972 6096
4299 4104
6594 2879
7809 3257
8032 2486
7597 3687
5185 4157
7527 4553
6721 3423
5392 3735
7117 3687
7809 4144
5185 6096
6337 2350
6337 4144
9870 2486
7043 4022
6337 4144
8032 2486
7597 2350
5185 2350
6337 3852
9245 4144
5844 4704
5185 4157
7809 4144
4586 2350
6337 3852
5289 6096
7043 4022
5185 4157
5392 7502
7043 4144
6443 3624
4586 2879
5185 4157
4695 3760
7043 4022
7597 3687
3160 2350
4586 4704
6337 4553
3160 3687
5185 5081
7043 4022
