936543 842742 1433896400
890401 976641 118921417
987775 221355 67835752
797787 68177 3576555034
504789 534723 218310982304
31638 816393 273216473
992669 531874 0
598808 16283 781439282
40023 714905 3061357712
943002 767364 0
661319 51134 0
782680 936598 3087543825
973634 711737 580586372
998819 462306 0
980381 662743 0
724925 9083 0
970144 947603 651535625
17453 567097 1258776565
538808 31587 560970986
95080 922928 7581629225
100773 187637 32413631389
940552 272961 2585587140
2322 22357 0
246166 968718 2170822301
966226 124042 1980075946
396636 30679 5230530586
678931 79050 222058513
874818 132756 542304130
8763 975659 0
931511 16460 2795842405